2025-04-04 04:30:39.587123 - Received CBT.V508.FILE112.PDS from FILE112.XMI 
2025-04-04 04:30:39.590972 - Found $$$#DATE.txt (text/plain) in CBT.V508.FILE112.PDS, moved to PDS/$$$#DATE
2025-04-04 04:30:39.591115 - Found $$NOTE1.eml (message/rfc822) in CBT.V508.FILE112.PDS, moved to PDS/$$NOTE1
2025-04-04 04:30:39.591263 - Found $$NOTE2.eml (message/rfc822) in CBT.V508.FILE112.PDS, moved to PDS/$$NOTE2
2025-04-04 04:30:39.591389 - Found $$NOTE3.eml (message/rfc822) in CBT.V508.FILE112.PDS, moved to PDS/$$NOTE3
2025-04-04 04:30:39.591519 - Found $$UNDOC.txt (text/plain) in CBT.V508.FILE112.PDS, moved to PDS/$$UNDOC
2025-04-04 04:30:39.591639 - Found $CUSTOM.txt (text/plain) in CBT.V508.FILE112.PDS, moved to PDS/$CUSTOM
2025-04-04 04:30:39.591767 - Found $DHC.txt (text/plain) in CBT.V508.FILE112.PDS, moved to PDS/$DHC
2025-04-04 04:30:39.591894 - Found $HELP.txt (text/plain) in CBT.V508.FILE112.PDS, moved to PDS/$HELP
2025-04-04 04:30:39.592021 - Found $INST.txt (text/plain) in CBT.V508.FILE112.PDS, moved to PDS/$INST
2025-04-04 04:30:39.592142 - Found $INSTNEW.jcl (text/plain) in CBT.V508.FILE112.PDS, moved to PDS/$INSTNEW
2025-04-04 04:30:39.592262 - Found $JOB.jcl (text/plain) in CBT.V508.FILE112.PDS, moved to PDS/$JOB
2025-04-04 04:30:39.592466 - Found $MODS.txt (text/plain) in CBT.V508.FILE112.PDS, moved to PDS/$MODS
2025-04-04 04:30:39.592582 - Found $SGASMLK.jcl (text/plain) in CBT.V508.FILE112.PDS, moved to PDS/$SGASMLK
2025-04-04 04:30:39.592700 - Found @AGCOJ1.jcl (text/plain) in CBT.V508.FILE112.PDS, moved to PDS/@AGCOJ1
2025-04-04 04:30:39.592818 - Found @AGCOJ2.txt (text/plain) in CBT.V508.FILE112.PDS, moved to PDS/@AGCOJ2
2025-04-04 04:30:39.592934 - Found @AGCOJ3.txt (text/plain) in CBT.V508.FILE112.PDS, moved to PDS/@AGCOJ3
2025-04-04 04:30:39.593081 - Found @FILE112.txt (text/plain) in CBT.V508.FILE112.PDS, moved to PDS/@FILE112
2025-04-04 04:30:39.593264 - Found ALLOC.txt (text/plain) in CBT.V508.FILE112.PDS, moved to PDS/ALLOC
2025-04-04 04:30:39.593408 - Found CLEAR.txt (text/plain) in CBT.V508.FILE112.PDS, moved to PDS/CLEAR
2025-04-04 04:30:39.593523 - Found CONV.txt (text/plain) in CBT.V508.FILE112.PDS, moved to PDS/CONV
2025-04-04 04:30:39.593643 - Found CONVY2K.txt (text/plain) in CBT.V508.FILE112.PDS, moved to PDS/CONVY2K
2025-04-04 04:30:39.593774 - Found DELVTOCS.rexx (text/plain) in CBT.V508.FILE112.PDS, moved to PDS/DELVTOCS
2025-04-04 04:30:39.593902 - Found DYNSPACE.txt (text/plain) in CBT.V508.FILE112.PDS, moved to PDS/DYNSPACE
2025-04-04 04:30:39.594055 - Found ENTER.txt (text/plain) in CBT.V508.FILE112.PDS, moved to PDS/ENTER
2025-04-04 04:30:39.594179 - Found ENTERX.txt (text/plain) in CBT.V508.FILE112.PDS, moved to PDS/ENTERX
2025-04-04 04:30:39.594295 - Found FREE.txt (text/plain) in CBT.V508.FILE112.PDS, moved to PDS/FREE
2025-04-04 04:30:39.594427 - Found LEAVE.txt (text/plain) in CBT.V508.FILE112.PDS, moved to PDS/LEAVE
2025-04-04 04:30:39.594544 - Found MSGZ.txt (text/plain) in CBT.V508.FILE112.PDS, moved to PDS/MSGZ
2025-04-04 04:30:39.594655 - Found PDEDSNAM.txt (text/plain) in CBT.V508.FILE112.PDS, moved to PDS/PDEDSNAM
2025-04-04 04:30:39.594786 - Found RCPBFRGS.txt (text/plain) in CBT.V508.FILE112.PDS, moved to PDS/RCPBFRGS
2025-04-04 04:30:39.594899 - Found RCPBTU.txt (text/plain) in CBT.V508.FILE112.PDS, moved to PDS/RCPBTU
2025-04-04 04:30:39.595148 - Found RCPBTU2.txt (text/plain) in CBT.V508.FILE112.PDS, moved to PDS/RCPBTU2
2025-04-04 04:30:39.595304 - Found RCPCKID.txt (text/plain) in CBT.V508.FILE112.PDS, moved to PDS/RCPCKID
2025-04-04 04:30:39.595443 - Found RCPDDN.txt (text/plain) in CBT.V508.FILE112.PDS, moved to PDS/RCPDDN
2025-04-04 04:30:39.595574 - Found RCPDDNRT.txt (text/plain) in CBT.V508.FILE112.PDS, moved to PDS/RCPDDNRT
2025-04-04 04:30:39.595706 - Found RCPDEBUG.txt (text/plain) in CBT.V508.FILE112.PDS, moved to PDS/RCPDEBUG
2025-04-04 04:30:39.595821 - Found RCPDFPL.txt (text/plain) in CBT.V508.FILE112.PDS, moved to PDS/RCPDFPL
2025-04-04 04:30:39.595934 - Found RCPDINC.txt (text/plain) in CBT.V508.FILE112.PDS, moved to PDS/RCPDINC
2025-04-04 04:30:39.596046 - Found RCPDISP.txt (text/plain) in CBT.V508.FILE112.PDS, moved to PDS/RCPDISP
2025-04-04 04:30:39.596156 - Found RCPDS.txt (text/plain) in CBT.V508.FILE112.PDS, moved to PDS/RCPDS
2025-04-04 04:30:39.596274 - Found RCPDSECT.txt (text/plain) in CBT.V508.FILE112.PDS, moved to PDS/RCPDSECT
2025-04-04 04:30:39.596398 - Found RCPDSN.txt (text/plain) in CBT.V508.FILE112.PDS, moved to PDS/RCPDSN
2025-04-04 04:30:39.596511 - Found RCPDSNPD.txt (text/plain) in CBT.V508.FILE112.PDS, moved to PDS/RCPDSNPD
2025-04-04 04:30:39.596628 - Found RCPDSNRT.txt (text/plain) in CBT.V508.FILE112.PDS, moved to PDS/RCPDSNRT
2025-04-04 04:30:39.596740 - Found RCPDSRGR.txt (text/plain) in CBT.V508.FILE112.PDS, moved to PDS/RCPDSRGR
2025-04-04 04:30:39.596866 - Found RCPDUMMY.txt (text/plain) in CBT.V508.FILE112.PDS, moved to PDS/RCPDUMMY
2025-04-04 04:30:39.596975 - Found RCPENDD.txt (text/plain) in CBT.V508.FILE112.PDS, moved to PDS/RCPENDD
2025-04-04 04:30:39.597085 - Found RCPFDDN.txt (text/plain) in CBT.V508.FILE112.PDS, moved to PDS/RCPFDDN
2025-04-04 04:30:39.597196 - Found RCPFDISP.txt (text/plain) in CBT.V508.FILE112.PDS, moved to PDS/RCPFDISP
2025-04-04 04:30:39.597304 - Found RCPFDSN.txt (text/plain) in CBT.V508.FILE112.PDS, moved to PDS/RCPFDSN
2025-04-04 04:30:39.597432 - Found RCPFHOLD.txt (text/plain) in CBT.V508.FILE112.PDS, moved to PDS/RCPFHOLD
2025-04-04 04:30:39.597560 - Found RCPFORUS.txt (text/plain) in CBT.V508.FILE112.PDS, moved to PDS/RCPFORUS
2025-04-04 04:30:39.597669 - Found RCPFREE.txt (text/plain) in CBT.V508.FILE112.PDS, moved to PDS/RCPFREE
2025-04-04 04:30:39.597780 - Found RCPIOPL.txt (text/plain) in CBT.V508.FILE112.PDS, moved to PDS/RCPIOPL
2025-04-04 04:30:39.597893 - Found RCPLINK.txt (text/plain) in CBT.V508.FILE112.PDS, moved to PDS/RCPLINK
2025-04-04 04:30:39.598017 - Found RCPLOAD.txt (text/plain) in CBT.V508.FILE112.PDS, moved to PDS/RCPLOAD
2025-04-04 04:30:39.598138 - Found RCPLOCSW.txt (text/plain) in CBT.V508.FILE112.PDS, moved to PDS/RCPLOCSW
2025-04-04 04:30:39.598256 - Found RCPLOCS1.txt (text/plain) in CBT.V508.FILE112.PDS, moved to PDS/RCPLOCS1
2025-04-04 04:30:39.598384 - Found RCPLOCS2.txt (text/plain) in CBT.V508.FILE112.PDS, moved to PDS/RCPLOCS2
2025-04-04 04:30:39.598500 - Found RCPMCA.txt (text/plain) in CBT.V508.FILE112.PDS, moved to PDS/RCPMCA
2025-04-04 04:30:39.598627 - Found RCPNTU.txt (text/plain) in CBT.V508.FILE112.PDS, moved to PDS/RCPNTU
2025-04-04 04:30:39.598756 - Found RCPPERM.txt (text/plain) in CBT.V508.FILE112.PDS, moved to PDS/RCPPERM
2025-04-04 04:30:39.598876 - Found RCPPPL.txt (text/plain) in CBT.V508.FILE112.PDS, moved to PDS/RCPPPL
2025-04-04 04:30:39.598997 - Found RCPPROC.txt (text/plain) in CBT.V508.FILE112.PDS, moved to PDS/RCPPROC
2025-04-04 04:30:39.599114 - Found RCPPSWD.txt (text/plain) in CBT.V508.FILE112.PDS, moved to PDS/RCPPSWD
2025-04-04 04:30:39.599240 - Found RCPQNAME.txt (text/plain) in CBT.V508.FILE112.PDS, moved to PDS/RCPQNAME
2025-04-04 04:30:39.599353 - Found RCPRNGE.txt (text/plain) in CBT.V508.FILE112.PDS, moved to PDS/RCPRNGE
2025-04-04 04:30:39.599464 - Found RCPSPACE.txt (text/plain) in CBT.V508.FILE112.PDS, moved to PDS/RCPSPACE
2025-04-04 04:30:39.599581 - Found RCPSPEC.txt (text/plain) in CBT.V508.FILE112.PDS, moved to PDS/RCPSPEC
2025-04-04 04:30:39.599689 - Found RCPSR2.txt (text/plain) in CBT.V508.FILE112.PDS, moved to PDS/RCPSR2
2025-04-04 04:30:39.599809 - Found RCPSSREQ.txt (text/plain) in CBT.V508.FILE112.PDS, moved to PDS/RCPSSREQ
2025-04-04 04:30:39.599921 - Found RCPSUBL.txt (text/plain) in CBT.V508.FILE112.PDS, moved to PDS/RCPSUBL
2025-04-04 04:30:39.600051 - Found RCPSYSOU.txt (text/plain) in CBT.V508.FILE112.PDS, moved to PDS/RCPSYSOU
2025-04-04 04:30:39.600165 - Found RCPTU.txt (text/plain) in CBT.V508.FILE112.PDS, moved to PDS/RCPTU
2025-04-04 04:30:39.600274 - Found RCPTUBFR.txt (text/plain) in CBT.V508.FILE112.PDS, moved to PDS/RCPTUBFR
2025-04-04 04:30:39.600378 - Found RCPTXTL.txt (text/plain) in CBT.V508.FILE112.PDS, moved to PDS/RCPTXTL
2025-04-04 04:30:39.600486 - Found RCPTYPE.txt (text/plain) in CBT.V508.FILE112.PDS, moved to PDS/RCPTYPE
2025-04-04 04:30:39.600600 - Found RCPUNALC.txt (text/plain) in CBT.V508.FILE112.PDS, moved to PDS/RCPUNALC
2025-04-04 04:30:39.600710 - Found RCPUNIT.txt (text/plain) in CBT.V508.FILE112.PDS, moved to PDS/RCPUNIT
2025-04-04 04:30:39.600834 - Found RCPVCHAR.txt (text/plain) in CBT.V508.FILE112.PDS, moved to PDS/RCPVCHAR
2025-04-04 04:30:39.600949 - Found RCPVOLRT.txt (text/plain) in CBT.V508.FILE112.PDS, moved to PDS/RCPVOLRT
2025-04-04 04:30:39.601060 - Found REGS.txt (text/plain) in CBT.V508.FILE112.PDS, moved to PDS/REGS
2025-04-04 04:30:39.601169 - Found S99FAIL.txt (text/plain) in CBT.V508.FILE112.PDS, moved to PDS/S99FAIL
2025-04-04 04:30:39.601293 - Found VTCALL.txt (text/plain) in CBT.V508.FILE112.PDS, moved to PDS/VTCALL
2025-04-04 04:30:39.601402 - Found VTFMT.txt (text/plain) in CBT.V508.FILE112.PDS, moved to PDS/VTFMT
2025-04-04 04:30:39.601933 - Found VTOC.txt (text/plain) in CBT.V508.FILE112.PDS, moved to PDS/VTOC
2025-04-04 04:30:39.602052 - Found VTOC$.txt (text/plain) in CBT.V508.FILE112.PDS, moved to PDS/VTOC$
2025-04-04 04:30:39.602163 - Found VTOC#C.txt (text/plain) in CBT.V508.FILE112.PDS, moved to PDS/VTOC#C
2025-04-04 04:30:39.602276 - Found VTOC#OLD.txt (text/plain) in CBT.V508.FILE112.PDS, moved to PDS/VTOC#OLD
2025-04-04 04:30:39.602383 - Found VTOC#P.txt (text/plain) in CBT.V508.FILE112.PDS, moved to PDS/VTOC#P
2025-04-04 04:30:39.602489 - Found VTOC#P1.txt (text/plain) in CBT.V508.FILE112.PDS, moved to PDS/VTOC#P1
2025-04-04 04:30:39.602598 - Found VTOC#P2.txt (text/plain) in CBT.V508.FILE112.PDS, moved to PDS/VTOC#P2
2025-04-04 04:30:39.602706 - Found VTOC#P3.txt (text/plain) in CBT.V508.FILE112.PDS, moved to PDS/VTOC#P3
2025-04-04 04:30:39.602815 - Found VTOC#P4.txt (text/plain) in CBT.V508.FILE112.PDS, moved to PDS/VTOC#P4
2025-04-04 04:30:39.602938 - Found VTOC#P5.txt (text/plain) in CBT.V508.FILE112.PDS, moved to PDS/VTOC#P5
2025-04-04 04:30:39.603063 - Found VTOC#P6.txt (text/plain) in CBT.V508.FILE112.PDS, moved to PDS/VTOC#P6
2025-04-04 04:30:39.603170 - Found VTOC#P7.txt (text/plain) in CBT.V508.FILE112.PDS, moved to PDS/VTOC#P7
2025-04-04 04:30:39.603280 - Found VTOC#P8.txt (text/plain) in CBT.V508.FILE112.PDS, moved to PDS/VTOC#P8
2025-04-04 04:30:39.603395 - Found VTOC#410.txt (text/plain) in CBT.V508.FILE112.PDS, moved to PDS/VTOC#410
2025-04-04 04:30:39.603520 - Found VTOCCHEK.txt (text/plain) in CBT.V508.FILE112.PDS, moved to PDS/VTOCCHEK
2025-04-04 04:30:39.603634 - Found VTOCCHEO.txt (text/plain) in CBT.V508.FILE112.PDS, moved to PDS/VTOCCHEO
2025-04-04 04:30:39.603744 - Found VTOCCHE1.txt (text/plain) in CBT.V508.FILE112.PDS, moved to PDS/VTOCCHE1
2025-04-04 04:30:39.603851 - Found VTOCCMD2.txt (text/plain) in CBT.V508.FILE112.PDS, moved to PDS/VTOCCMD2
2025-04-04 04:30:39.604038 - Found VTOCENQ.txt (text/plain) in CBT.V508.FILE112.PDS, moved to PDS/VTOCENQ
2025-04-04 04:30:39.604167 - Found VTOCEXCO.txt (text/plain) in CBT.V508.FILE112.PDS, moved to PDS/VTOCEXCO
2025-04-04 04:30:39.604277 - Found VTOCEXCP.txt (text/plain) in CBT.V508.FILE112.PDS, moved to PDS/VTOCEXCP
2025-04-04 04:30:39.604391 - Found VTOCFORM.txt (text/plain) in CBT.V508.FILE112.PDS, moved to PDS/VTOCFORM
2025-04-04 04:30:39.604505 - Found VTOCFOR1.txt (text/plain) in CBT.V508.FILE112.PDS, moved to PDS/VTOCFOR1
2025-04-04 04:30:39.604616 - Found VTOCMSG.txt (text/plain) in CBT.V508.FILE112.PDS, moved to PDS/VTOCMSG
2025-04-04 04:30:39.604726 - Found VTOCMSGX.txt (text/plain) in CBT.V508.FILE112.PDS, moved to PDS/VTOCMSGX
2025-04-04 04:30:39.604834 - Found VTOCMSZ.txt (text/plain) in CBT.V508.FILE112.PDS, moved to PDS/VTOCMSZ
2025-04-04 04:30:39.604943 - Found VTOCOM.txt (text/plain) in CBT.V508.FILE112.PDS, moved to PDS/VTOCOM
2025-04-04 04:30:39.605052 - Found VTOCPARS.txt (text/plain) in CBT.V508.FILE112.PDS, moved to PDS/VTOCPARS
2025-04-04 04:30:39.605181 - Found VTOCPARX.txt (text/plain) in CBT.V508.FILE112.PDS, moved to PDS/VTOCPARX
2025-04-04 04:30:39.605297 - Found VTOCPRNT.txt (text/plain) in CBT.V508.FILE112.PDS, moved to PDS/VTOCPRNT
2025-04-04 04:30:39.605426 - Found VTOCSORT.txt (text/plain) in CBT.V508.FILE112.PDS, moved to PDS/VTOCSORT
2025-04-04 04:30:39.605537 - Found VTOC00.txt (text/plain) in CBT.V508.FILE112.PDS, moved to PDS/VTOC00
2025-04-04 04:30:39.605642 - Found VTOC02.txt (text/plain) in CBT.V508.FILE112.PDS, moved to PDS/VTOC02
2025-04-04 04:30:39.605769 - Found VTOC112.txt (text/plain) in CBT.V508.FILE112.PDS, moved to PDS/VTOC112
2025-04-04 04:30:39.605887 - Found VTXCPRNT.txt (text/plain) in CBT.V508.FILE112.PDS, moved to PDS/VTXCPRNT
2025-04-04 04:30:39.606005 - Found VT0CPRNT.txt (text/plain) in CBT.V508.FILE112.PDS, moved to PDS/VT0CPRNT
2025-04-04 04:30:39.606118 - Found XXXX0001.txt (text/plain) in CBT.V508.FILE112.PDS, moved to PDS/XXXX0001
2025-04-04 04:30:39.606239 - Found XXXX0002.txt (text/plain) in CBT.V508.FILE112.PDS, moved to PDS/XXXX0002
